// Vitest Snapshot v1, https://vitest.dev/guide/snapshot.html

exports[`suite > 1 1`] = `
<div>
  <div>
    <div>
      data: 
      {"name":"test","age":18}
    </div>
    <div>
      isLoading: 
      false
    </div>
    <div>
      error: 
      undefined
    </div>
  </div>
</div>
`;
